{
    "Connectomics + tracking + segmentation profiles - should run successfully": {
        "content": [
            34,
            {
                "CONNECTIVITY_AFDFIXEL": {
                    "scilpy": 1.6
                },
                "CONNECTIVITY_METRICS": {
                    "scilpy": "2.0.2"
                },
                "CONNECTIVITY_VISUALIZE": {
                    "scilpy": "2.0.2"
                },
                "DENOISE_DWI": {
                    "mrtrix": "3.0.4"
                },
                "FASTSURFER": {
                    "fastsurfer": "2.3.3+bd65b36"
                },
                "FILTERING_COMMIT": {
                    "scilpy": 1.6
                },
                "RECONST_DTIMETRICS": {
                    "scilpy": "2.0.2"
                },
                "RECONST_FODF": {
                    "scilpy": "2.0.2"
                },
                "RECONST_FRF": {
                    "scilpy": "2.0.2"
                },
                "REGISTRATION_ANATTODWI": {
                    "ants": "2.4.3"
                },
                "SEGMENTATION_FASTSEG": {
                    "scilpy": "2.0.0",
                    "fsl": 6.0
                },
                "TRACKING_LOCALTRACKING": {
                    "scilpy": "2.0.2"
                },
                "TRACKING_PFTTRACKING": {
                    "scilpy": "2.0.2",
                    "mrtrix": "3.0.4"
                },
                "TRACTOGRAM_DECOMPOSE": {
                    "scilpy": "2.0.2"
                },
                "TRANSFORM_LABELS": {
                    "ants": "2.4.3"
                },
                "Workflow": {
                    "nf/pediatric": "v1.0dev"
                }
            },
            [
                "cortical_area_lh.tsv",
                "cortical_area_rh.tsv",
                "cortical_thickness_lh.tsv",
                "cortical_thickness_rh.tsv",
                "cortical_volume_lh.tsv",
                "cortical_volume_rh.tsv",
                "multiqc",
                "multiqc/global_multiqc_data",
                "multiqc/global_multiqc_plots",
                "multiqc/global_multiqc_report.html",
                "pipeline_info",
                "pipeline_info/pipeline_software_mqc_versions.yml",
                "sub-test",
                "sub-test/anat",
                "sub-test/anat/sub-test_desc-preproc_T1w.nii.gz",
                "sub-test/anat/sub-test_from-T1w_to-dwi_affine.mat",
                "sub-test/anat/sub-test_from-T1w_to-dwi_warp.nii.gz",
                "sub-test/anat/sub-test_from-dwi_to-T1w_warp.nii.gz",
                "sub-test/anat/sub-test_seg-BrainnetomeChild_desc-labels.json",
                "sub-test/anat/sub-test_seg-BrainnetomeChild_desc-labels.txt",
                "sub-test/anat/sub-test_seg-BrainnetomeChild_dseg.nii.gz",
                "sub-test/anat/sub-test_seg-BrainnetomeChild_dseg_dilated.nii.gz",
                "sub-test/anat/sub-test_seg-BrainnetomeChild_stat-lh_area.tsv",
                "sub-test/anat/sub-test_seg-BrainnetomeChild_stat-lh_thickness.tsv",
                "sub-test/anat/sub-test_seg-BrainnetomeChild_stat-lh_volume.tsv",
                "sub-test/anat/sub-test_seg-BrainnetomeChild_stat-rh_area.tsv",
                "sub-test/anat/sub-test_seg-BrainnetomeChild_stat-rh_thickness.tsv",
                "sub-test/anat/sub-test_seg-BrainnetomeChild_stat-rh_volume.tsv",
                "sub-test/anat/sub-test_seg-BrainnetomeChild_stat-subcortical.tsv",
                "sub-test/anat/sub-test_space-DWI_desc-preproc_T1w.nii.gz",
                "sub-test/anat/sub-test_space-DWI_label-CSF_mask.nii.gz",
                "sub-test/anat/sub-test_space-DWI_label-CSF_probseg.nii.gz",
                "sub-test/anat/sub-test_space-DWI_label-GM_mask.nii.gz",
                "sub-test/anat/sub-test_space-DWI_label-GM_probseg.nii.gz",
                "sub-test/anat/sub-test_space-DWI_label-WM_mask.nii.gz",
                "sub-test/anat/sub-test_space-DWI_label-WM_probseg.nii.gz",
                "sub-test/anat/sub-test_space-DWI_seg-BrainnetomeChild_dseg.nii.gz",
                "sub-test/dwi",
                "sub-test/dwi/sub-test_desc-ad.nii.gz",
                "sub-test/dwi/sub-test_desc-afd_max.nii.gz",
                "sub-test/dwi/sub-test_desc-afd_sum.nii.gz",
                "sub-test/dwi/sub-test_desc-afd_total.nii.gz",
                "sub-test/dwi/sub-test_desc-brain_mask.nii.gz",
                "sub-test/dwi/sub-test_desc-csf_fodf.nii.gz",
                "sub-test/dwi/sub-test_desc-fa.nii.gz",
                "sub-test/dwi/sub-test_desc-fodf.nii.gz",
                "sub-test/dwi/sub-test_desc-ga.nii.gz",
                "sub-test/dwi/sub-test_desc-gm_fodf.nii.gz",
                "sub-test/dwi/sub-test_desc-local_tracking.trk",
                "sub-test/dwi/sub-test_desc-md.nii.gz",
                "sub-test/dwi/sub-test_desc-mode.nii.gz",
                "sub-test/dwi/sub-test_desc-nufo.nii.gz",
                "sub-test/dwi/sub-test_desc-peaks.nii.gz",
                "sub-test/dwi/sub-test_desc-pft_tracking.trk",
                "sub-test/dwi/sub-test_desc-preproc_b0.nii.gz",
                "sub-test/dwi/sub-test_desc-preproc_dwi.bval",
                "sub-test/dwi/sub-test_desc-preproc_dwi.bvec",
                "sub-test/dwi/sub-test_desc-preproc_dwi.nii.gz",
                "sub-test/dwi/sub-test_desc-rd.nii.gz",
                "sub-test/dwi/sub-test_desc-rgb.nii.gz",
                "sub-test/dwi/sub-test_desc-tensor.nii.gz",
                "sub-test/dwi/sub-test_desc-wm_fodf.nii.gz",
                "sub-test/dwi/sub-test_frf.txt",
                "sub-test/dwi/sub-test_seg-BrainnetomeChild_desc-filtered_tractogram.h5",
                "sub-test/dwi/sub-test_seg-BrainnetomeChild_desc-preproc_tractogram.h5",
                "sub-test/dwi/sub-test_seg-BrainnetomeChild_stat-ad.npy",
                "sub-test/dwi/sub-test_seg-BrainnetomeChild_stat-afd.npy",
                "sub-test/dwi/sub-test_seg-BrainnetomeChild_stat-fa.npy",
                "sub-test/dwi/sub-test_seg-BrainnetomeChild_stat-md.npy",
                "sub-test/dwi/sub-test_seg-BrainnetomeChild_stat-mode.npy",
                "sub-test/dwi/sub-test_seg-BrainnetomeChild_stat-nufo.npy",
                "sub-test/dwi/sub-test_seg-BrainnetomeChild_stat-rd.npy",
                "sub-test/dwi/sub-test_space-DWI_label-exclude_desc-pft_probseg.nii.gz",
                "sub-test/dwi/sub-test_space-DWI_label-include_desc-pft_probseg.nii.gz",
                "sub-test/dwi/sub-test_space-DWI_label-seeding_desc-local_mask.nii.gz",
                "sub-test/dwi/sub-test_space-DWI_label-seeding_desc-pft_mask.nii.gz",
                "sub-test/dwi/sub-test_space-DWI_label-tracking_desc-local_mask.nii.gz",
                "sub-test/figures",
                "sub-test/figures/sub-test__coverage_overlay_mqc.png",
                "sub-test/figures/sub-test_gradients_mqc.png",
                "sub-test/figures/sub-test_labels_mqc.png",
                "sub-test/figures/sub-test_metrics_mqc.png",
                "sub-test/figures/sub-test_seg-BrainnetomeChild_stat-ad.png",
                "sub-test/figures/sub-test_seg-BrainnetomeChild_stat-afd.png",
                "sub-test/figures/sub-test_seg-BrainnetomeChild_stat-fa.png",
                "sub-test/figures/sub-test_seg-BrainnetomeChild_stat-md.png",
                "sub-test/figures/sub-test_seg-BrainnetomeChild_stat-mode.png",
                "sub-test/figures/sub-test_seg-BrainnetomeChild_stat-nufo.png",
                "sub-test/figures/sub-test_seg-BrainnetomeChild_stat-rd.png",
                "sub-test/figures/sub-test_tissue_segmentation_mqc.png",
                "sub-test/multiqc",
                "sub-test/multiqc/sub-test_multiqc_data",
                "sub-test/multiqc/sub-test_multiqc_plots",
                "sub-test/multiqc/sub-test_multiqc_report.html",
                "subcortical_volumes.tsv"
            ],
            [
                "",
                "sub-test"
            ]
        ],
        "meta": {
            "nf-test": "0.9.2",
            "nextflow": "24.10.3"
        },
        "timestamp": "2025-01-20T16:00:31.29131"
    },
    "Connectomics + tracking profiles with additional metrics - should run successfully": {
        "content": [
            37,
            {
                "CONNECTIVITY_AFDFIXEL": {
                    "scilpy": 1.6
                },
                "CONNECTIVITY_METRICS": {
                    "scilpy": "2.0.2"
                },
                "CONNECTIVITY_VISUALIZE": {
                    "scilpy": "2.0.2"
                },
                "DENOISE_DWI": {
                    "mrtrix": "3.0.4"
                },
                "DENOISING_NLMEANS": {
                    "scilpy": "2.0.2"
                },
                "FILTERING_COMMIT": {
                    "scilpy": 1.6
                },
                "RECONST_DTIMETRICS": {
                    "scilpy": "2.0.2"
                },
                "RECONST_FODF": {
                    "scilpy": "2.0.2"
                },
                "RECONST_FRF": {
                    "scilpy": "2.0.2"
                },
                "REGISTRATION_ANATTODWI": {
                    "ants": "2.4.3"
                },
                "SEGMENTATION_FASTSEG": {
                    "scilpy": "2.0.0",
                    "fsl": 6.0
                },
                "TRACKING_LOCALTRACKING": {
                    "scilpy": "2.0.2"
                },
                "TRACKING_PFTTRACKING": {
                    "scilpy": "2.0.2",
                    "mrtrix": "3.0.4"
                },
                "TRACTOGRAM_DECOMPOSE": {
                    "scilpy": "2.0.2"
                },
                "TRANSFORM_LABELS": {
                    "ants": "2.4.3"
                },
                "Workflow": {
                    "nf/pediatric": "v1.0dev"
                }
            },
            [
                "multiqc",
                "multiqc/global_multiqc_data",
                "multiqc/global_multiqc_plots",
                "multiqc/global_multiqc_report.html",
                "pipeline_info",
                "pipeline_info/pipeline_software_mqc_versions.yml",
                "sub-test",
                "sub-test/anat",
                "sub-test/anat/sub-test_desc-boundingbox.pkl",
                "sub-test/anat/sub-test_desc-brain_mask.nii.gz",
                "sub-test/anat/sub-test_desc-preproc_T1w.nii.gz",
                "sub-test/anat/sub-test_from-T1w_to-dwi_affine.mat",
                "sub-test/anat/sub-test_from-T1w_to-dwi_warp.nii.gz",
                "sub-test/anat/sub-test_from-dwi_to-T1w_warp.nii.gz",
                "sub-test/anat/sub-test_space-DWI_desc-preproc_T1w.nii.gz",
                "sub-test/anat/sub-test_space-DWI_label-CSF_mask.nii.gz",
                "sub-test/anat/sub-test_space-DWI_label-CSF_probseg.nii.gz",
                "sub-test/anat/sub-test_space-DWI_label-GM_mask.nii.gz",
                "sub-test/anat/sub-test_space-DWI_label-GM_probseg.nii.gz",
                "sub-test/anat/sub-test_space-DWI_label-WM_mask.nii.gz",
                "sub-test/anat/sub-test_space-DWI_label-WM_probseg.nii.gz",
                "sub-test/anat/sub-test_space-DWI_seg-BrainnetomeChild_dseg.nii.gz",
                "sub-test/dwi",
                "sub-test/dwi/sub-test_desc-ad.nii.gz",
                "sub-test/dwi/sub-test_desc-afd_max.nii.gz",
                "sub-test/dwi/sub-test_desc-afd_sum.nii.gz",
                "sub-test/dwi/sub-test_desc-afd_total.nii.gz",
                "sub-test/dwi/sub-test_desc-brain_mask.nii.gz",
                "sub-test/dwi/sub-test_desc-csf_fodf.nii.gz",
                "sub-test/dwi/sub-test_desc-fa.nii.gz",
                "sub-test/dwi/sub-test_desc-fodf.nii.gz",
                "sub-test/dwi/sub-test_desc-ga.nii.gz",
                "sub-test/dwi/sub-test_desc-gm_fodf.nii.gz",
                "sub-test/dwi/sub-test_desc-local_tracking.trk",
                "sub-test/dwi/sub-test_desc-md.nii.gz",
                "sub-test/dwi/sub-test_desc-mode.nii.gz",
                "sub-test/dwi/sub-test_desc-nufo.nii.gz",
                "sub-test/dwi/sub-test_desc-peaks.nii.gz",
                "sub-test/dwi/sub-test_desc-pft_tracking.trk",
                "sub-test/dwi/sub-test_desc-preproc_b0.nii.gz",
                "sub-test/dwi/sub-test_desc-preproc_dwi.bval",
                "sub-test/dwi/sub-test_desc-preproc_dwi.bvec",
                "sub-test/dwi/sub-test_desc-preproc_dwi.nii.gz",
                "sub-test/dwi/sub-test_desc-rd.nii.gz",
                "sub-test/dwi/sub-test_desc-rgb.nii.gz",
                "sub-test/dwi/sub-test_desc-tensor.nii.gz",
                "sub-test/dwi/sub-test_desc-wm_fodf.nii.gz",
                "sub-test/dwi/sub-test_frf.txt",
                "sub-test/dwi/sub-test_seg-BrainnetomeChild_desc-filtered_tractogram.h5",
                "sub-test/dwi/sub-test_seg-BrainnetomeChild_desc-preproc_tractogram.h5",
                "sub-test/dwi/sub-test_seg-BrainnetomeChild_stat-ad.npy",
                "sub-test/dwi/sub-test_seg-BrainnetomeChild_stat-afd.npy",
                "sub-test/dwi/sub-test_seg-BrainnetomeChild_stat-fa.npy",
                "sub-test/dwi/sub-test_seg-BrainnetomeChild_stat-md.npy",
                "sub-test/dwi/sub-test_seg-BrainnetomeChild_stat-mode.npy",
                "sub-test/dwi/sub-test_seg-BrainnetomeChild_stat-nufo.npy",
                "sub-test/dwi/sub-test_seg-BrainnetomeChild_stat-rd.npy",
                "sub-test/dwi/sub-test_space-DWI_label-exclude_desc-pft_probseg.nii.gz",
                "sub-test/dwi/sub-test_space-DWI_label-include_desc-pft_probseg.nii.gz",
                "sub-test/dwi/sub-test_space-DWI_label-seeding_desc-local_mask.nii.gz",
                "sub-test/dwi/sub-test_space-DWI_label-seeding_desc-pft_mask.nii.gz",
                "sub-test/dwi/sub-test_space-DWI_label-tracking_desc-local_mask.nii.gz",
                "sub-test/figures",
                "sub-test/figures/sub-test__coverage_overlay_mqc.png",
                "sub-test/figures/sub-test_gradients_mqc.png",
                "sub-test/figures/sub-test_labels_mqc.png",
                "sub-test/figures/sub-test_metrics_mqc.png",
                "sub-test/figures/sub-test_seg-BrainnetomeChild_stat-ad.png",
                "sub-test/figures/sub-test_seg-BrainnetomeChild_stat-afd.png",
                "sub-test/figures/sub-test_seg-BrainnetomeChild_stat-fa.png",
                "sub-test/figures/sub-test_seg-BrainnetomeChild_stat-md.png",
                "sub-test/figures/sub-test_seg-BrainnetomeChild_stat-mode.png",
                "sub-test/figures/sub-test_seg-BrainnetomeChild_stat-nufo.png",
                "sub-test/figures/sub-test_seg-BrainnetomeChild_stat-rd.png",
                "sub-test/figures/sub-test_tissue_segmentation_mqc.png",
                "sub-test/multiqc",
                "sub-test/multiqc/sub-test_multiqc_data",
                "sub-test/multiqc/sub-test_multiqc_plots",
                "sub-test/multiqc/sub-test_multiqc_report.html"
            ]
        ],
        "meta": {
            "nf-test": "0.9.2",
            "nextflow": "24.10.3"
        },
        "timestamp": "2025-01-20T09:29:18.59678"
    },
    "Connectomics + tracking + segmentation + infant profiles - should run successfully": {
        "content": [
            45,
            {
                "CONNECTIVITY_AFDFIXEL": {
                    "scilpy": 1.6
                },
                "CONNECTIVITY_METRICS": {
                    "scilpy": "2.0.2"
                },
                "CONNECTIVITY_VISUALIZE": {
                    "scilpy": "2.0.2"
                },
                "DENOISE_DWI": {
                    "mrtrix": "3.0.4"
                },
                "DENOISING_NLMEANS": {
                    "scilpy": "2.0.2"
                },
                "FILTERING_COMMIT": {
                    "scilpy": 1.6
                },
                "MASKS": {
                    "scilpy": "2.0.2"
                },
                "RECONST_DTIMETRICS": {
                    "scilpy": "2.0.2"
                },
                "RECONST_FODF": {
                    "scilpy": "2.0.2"
                },
                "RECONST_FRF": {
                    "scilpy": "2.0.2"
                },
                "REGISTRATION_ANATTODWI": {
                    "ants": "2.4.3"
                },
                "TRACKING_LOCALTRACKING": {
                    "scilpy": "2.0.2"
                },
                "TRACTOGRAM_DECOMPOSE": {
                    "scilpy": "2.0.2"
                },
                "TRANSFORMTISSUES": {
                    "ants": "2.4.3"
                },
                "TRANSFORM_LABELS": {
                    "ants": "2.4.3"
                },
                "Workflow": {
                    "nf/pediatric": "v1.0dev"
                }
            },
            [
                "cortical_area_lh.tsv",
                "cortical_area_rh.tsv",
                "cortical_thickness_lh.tsv",
                "cortical_thickness_rh.tsv",
                "cortical_volume_lh.tsv",
                "cortical_volume_rh.tsv",
                "multiqc",
                "multiqc/global_multiqc_data",
                "multiqc/global_multiqc_plots",
                "multiqc/global_multiqc_report.html",
                "pipeline_info",
                "pipeline_info/pipeline_software_mqc_versions.yml",
                "sub-test",
                "sub-test/anat",
                "sub-test/anat/sub-test_desc-boundingbox.pkl",
                "sub-test/anat/sub-test_desc-brain_mask.nii.gz",
                "sub-test/anat/sub-test_desc-preproc_T2w.nii.gz",
                "sub-test/anat/sub-test_from-T2w_to-dwi_affine.mat",
                "sub-test/anat/sub-test_from-T2w_to-dwi_warp.nii.gz",
                "sub-test/anat/sub-test_from-dwi_to-T2w_warp.nii.gz",
                "sub-test/anat/sub-test_label-CSF_mask.nii.gz",
                "sub-test/anat/sub-test_label-GM_mask.nii.gz",
                "sub-test/anat/sub-test_label-WM_mask.nii.gz",
                "sub-test/anat/sub-test_seg-DK_dseg.nii.gz",
                "sub-test/anat/sub-test_seg-DK_stat-lh_area.tsv",
                "sub-test/anat/sub-test_seg-DK_stat-lh_thickness.tsv",
                "sub-test/anat/sub-test_seg-DK_stat-lh_volume.tsv",
                "sub-test/anat/sub-test_seg-DK_stat-rh_area.tsv",
                "sub-test/anat/sub-test_seg-DK_stat-rh_thickness.tsv",
                "sub-test/anat/sub-test_seg-DK_stat-rh_volume.tsv",
                "sub-test/anat/sub-test_seg-DK_stat-subcortical.tsv",
                "sub-test/anat/sub-test_space-DWI_desc-preproc_T2w.nii.gz",
                "sub-test/anat/sub-test_space-DWI_seg-DK_dseg.nii.gz",
                "sub-test/dwi",
                "sub-test/dwi/sub-test_desc-ad.nii.gz",
                "sub-test/dwi/sub-test_desc-afd_max.nii.gz",
                "sub-test/dwi/sub-test_desc-afd_sum.nii.gz",
                "sub-test/dwi/sub-test_desc-afd_total.nii.gz",
                "sub-test/dwi/sub-test_desc-brain_mask.nii.gz",
                "sub-test/dwi/sub-test_desc-csf_fodf.nii.gz",
                "sub-test/dwi/sub-test_desc-fa.nii.gz",
                "sub-test/dwi/sub-test_desc-fodf.nii.gz",
                "sub-test/dwi/sub-test_desc-ga.nii.gz",
                "sub-test/dwi/sub-test_desc-gm_fodf.nii.gz",
                "sub-test/dwi/sub-test_desc-local_tracking.trk",
                "sub-test/dwi/sub-test_desc-md.nii.gz",
                "sub-test/dwi/sub-test_desc-mode.nii.gz",
                "sub-test/dwi/sub-test_desc-nufo.nii.gz",
                "sub-test/dwi/sub-test_desc-peaks.nii.gz",
                "sub-test/dwi/sub-test_desc-preproc_b0.nii.gz",
                "sub-test/dwi/sub-test_desc-preproc_dwi.bval",
                "sub-test/dwi/sub-test_desc-preproc_dwi.bvec",
                "sub-test/dwi/sub-test_desc-preproc_dwi.nii.gz",
                "sub-test/dwi/sub-test_desc-pwdavg_dwi.nii.gz",
                "sub-test/dwi/sub-test_desc-rd.nii.gz",
                "sub-test/dwi/sub-test_desc-rgb.nii.gz",
                "sub-test/dwi/sub-test_desc-tensor.nii.gz",
                "sub-test/dwi/sub-test_desc-wm_fodf.nii.gz",
                "sub-test/dwi/sub-test_frf.txt",
                "sub-test/dwi/sub-test_seg-DK_desc-filtered_tractogram.h5",
                "sub-test/dwi/sub-test_seg-DK_desc-preproc_tractogram.h5",
                "sub-test/dwi/sub-test_seg-DK_stat-ad.npy",
                "sub-test/dwi/sub-test_seg-DK_stat-afd.npy",
                "sub-test/dwi/sub-test_seg-DK_stat-fa.npy",
                "sub-test/dwi/sub-test_seg-DK_stat-md.npy",
                "sub-test/dwi/sub-test_seg-DK_stat-mode.npy",
                "sub-test/dwi/sub-test_seg-DK_stat-nufo.npy",
                "sub-test/dwi/sub-test_seg-DK_stat-rd.npy",
                "sub-test/dwi/sub-test_space-DWI_label-seeding_desc-local_mask.nii.gz",
                "sub-test/dwi/sub-test_space-DWI_label-tracking_desc-local_mask.nii.gz",
                "sub-test/figures",
                "sub-test/figures/sub-test__coverage_overlay_mqc.png",
                "sub-test/figures/sub-test_gradients_mqc.png",
                "sub-test/figures/sub-test_labels_mqc.png",
                "sub-test/figures/sub-test_metrics_mqc.png",
                "sub-test/figures/sub-test_seg-DK_stat-ad.png",
                "sub-test/figures/sub-test_seg-DK_stat-afd.png",
                "sub-test/figures/sub-test_seg-DK_stat-fa.png",
                "sub-test/figures/sub-test_seg-DK_stat-md.png",
                "sub-test/figures/sub-test_seg-DK_stat-mode.png",
                "sub-test/figures/sub-test_seg-DK_stat-nufo.png",
                "sub-test/figures/sub-test_seg-DK_stat-rd.png",
                "sub-test/figures/sub-test_tissue_segmentation_mqc.png",
                "sub-test/multiqc",
                "sub-test/multiqc/sub-test_multiqc_data",
                "sub-test/multiqc/sub-test_multiqc_plots",
                "sub-test/multiqc/sub-test_multiqc_report.html",
                "subcortical_volumes.tsv"
            ]
        ],
        "meta": {
            "nf-test": "0.9.2",
            "nextflow": "24.10.3"
        },
        "timestamp": "2025-01-20T10:47:25.896558"
    },
    "Segmentation + connectomics profiles - should run successfully": {
        "content": [
            13,
            {
                "CONNECTIVITY_AFDFIXEL": {
                    "scilpy": 1.6
                },
                "CONNECTIVITY_METRICS": {
                    "scilpy": "2.0.2"
                },
                "CONNECTIVITY_VISUALIZE": {
                    "scilpy": "2.0.2"
                },
                "FASTSURFER": {
                    "fastsurfer": "2.3.3+bd65b36"
                },
                "FILTERING_COMMIT": {
                    "scilpy": 1.6
                },
                "TRACTOGRAM_DECOMPOSE": {
                    "scilpy": "2.0.2"
                },
                "TRANSFORM_LABELS": {
                    "ants": "2.4.3"
                },
                "Workflow": {
                    "nf/pediatric": "v1.0dev"
                }
            },
            [
                "cortical_area_lh.tsv",
                "cortical_area_rh.tsv",
                "cortical_thickness_lh.tsv",
                "cortical_thickness_rh.tsv",
                "cortical_volume_lh.tsv",
                "cortical_volume_rh.tsv",
                "multiqc",
                "multiqc/global_multiqc_data",
                "multiqc/global_multiqc_plots",
                "multiqc/global_multiqc_report.html",
                "pipeline_info",
                "pipeline_info/pipeline_software_mqc_versions.yml",
                "sub-test",
                "sub-test/anat",
                "sub-test/anat/sub-test_desc-preproc_T1w.nii.gz",
                "sub-test/anat/sub-test_seg-BrainnetomeChild_desc-labels.json",
                "sub-test/anat/sub-test_seg-BrainnetomeChild_desc-labels.txt",
                "sub-test/anat/sub-test_seg-BrainnetomeChild_dseg.nii.gz",
                "sub-test/anat/sub-test_seg-BrainnetomeChild_dseg_dilated.nii.gz",
                "sub-test/anat/sub-test_seg-BrainnetomeChild_stat-lh_area.tsv",
                "sub-test/anat/sub-test_seg-BrainnetomeChild_stat-lh_thickness.tsv",
                "sub-test/anat/sub-test_seg-BrainnetomeChild_stat-lh_volume.tsv",
                "sub-test/anat/sub-test_seg-BrainnetomeChild_stat-rh_area.tsv",
                "sub-test/anat/sub-test_seg-BrainnetomeChild_stat-rh_thickness.tsv",
                "sub-test/anat/sub-test_seg-BrainnetomeChild_stat-rh_volume.tsv",
                "sub-test/anat/sub-test_seg-BrainnetomeChild_stat-subcortical.tsv",
                "sub-test/anat/sub-test_space-DWI_seg-BrainnetomeChild_dseg.nii.gz",
                "sub-test/dwi",
                "sub-test/dwi/sub-test_seg-BrainnetomeChild_desc-filtered_tractogram.h5",
                "sub-test/dwi/sub-test_seg-BrainnetomeChild_desc-preproc_tractogram.h5",
                "sub-test/dwi/sub-test_seg-BrainnetomeChild_stat-len.npy",
                "sub-test/dwi/sub-test_seg-BrainnetomeChild_stat-sc.npy",
                "sub-test/dwi/sub-test_seg-BrainnetomeChild_stat-vol.npy",
                "sub-test/figures",
                "sub-test/figures/sub-test_gradients_mqc.png",
                "sub-test/figures/sub-test_labels_mqc.png",
                "sub-test/figures/sub-test_seg-BrainnetomeChild_stat-len.png",
                "sub-test/figures/sub-test_seg-BrainnetomeChild_stat-sc.png",
                "sub-test/figures/sub-test_seg-BrainnetomeChild_stat-vol.png",
                "sub-test/multiqc",
                "sub-test/multiqc/sub-test_multiqc_data",
                "sub-test/multiqc/sub-test_multiqc_plots",
                "sub-test/multiqc/sub-test_multiqc_report.html",
                "subcortical_volumes.tsv"
            ],
            [
                "",
                "sub-test"
            ]
        ],
        "meta": {
            "nf-test": "0.9.2",
            "nextflow": "24.10.3"
        },
        "timestamp": "2025-01-20T15:52:29.817425"
    },
    "Connectomics + tracking profiles - should run successfully": {
        "content": [
            37,
            {
                "CONNECTIVITY_AFDFIXEL": {
                    "scilpy": 1.6
                },
                "CONNECTIVITY_METRICS": {
                    "scilpy": "2.0.2"
                },
                "CONNECTIVITY_VISUALIZE": {
                    "scilpy": "2.0.2"
                },
                "DENOISE_DWI": {
                    "mrtrix": "3.0.4"
                },
                "DENOISING_NLMEANS": {
                    "scilpy": "2.0.2"
                },
                "FILTERING_COMMIT": {
                    "scilpy": 1.6
                },
                "RECONST_DTIMETRICS": {
                    "scilpy": "2.0.2"
                },
                "RECONST_FODF": {
                    "scilpy": "2.0.2"
                },
                "RECONST_FRF": {
                    "scilpy": "2.0.2"
                },
                "REGISTRATION_ANATTODWI": {
                    "ants": "2.4.3"
                },
                "SEGMENTATION_FASTSEG": {
                    "scilpy": "2.0.0",
                    "fsl": 6.0
                },
                "TRACKING_LOCALTRACKING": {
                    "scilpy": "2.0.2"
                },
                "TRACKING_PFTTRACKING": {
                    "scilpy": "2.0.2",
                    "mrtrix": "3.0.4"
                },
                "TRACTOGRAM_DECOMPOSE": {
                    "scilpy": "2.0.2"
                },
                "TRANSFORM_LABELS": {
                    "ants": "2.4.3"
                },
                "Workflow": {
                    "nf/pediatric": "v1.0dev"
                }
            },
            [
                "multiqc",
                "multiqc/global_multiqc_data",
                "multiqc/global_multiqc_plots",
                "multiqc/global_multiqc_report.html",
                "pipeline_info",
                "pipeline_info/pipeline_software_mqc_versions.yml",
                "sub-test",
                "sub-test/anat",
                "sub-test/anat/sub-test_desc-boundingbox.pkl",
                "sub-test/anat/sub-test_desc-brain_mask.nii.gz",
                "sub-test/anat/sub-test_desc-preproc_T1w.nii.gz",
                "sub-test/anat/sub-test_from-T1w_to-dwi_affine.mat",
                "sub-test/anat/sub-test_from-T1w_to-dwi_warp.nii.gz",
                "sub-test/anat/sub-test_from-dwi_to-T1w_warp.nii.gz",
                "sub-test/anat/sub-test_space-DWI_desc-preproc_T1w.nii.gz",
                "sub-test/anat/sub-test_space-DWI_label-CSF_mask.nii.gz",
                "sub-test/anat/sub-test_space-DWI_label-CSF_probseg.nii.gz",
                "sub-test/anat/sub-test_space-DWI_label-GM_mask.nii.gz",
                "sub-test/anat/sub-test_space-DWI_label-GM_probseg.nii.gz",
                "sub-test/anat/sub-test_space-DWI_label-WM_mask.nii.gz",
                "sub-test/anat/sub-test_space-DWI_label-WM_probseg.nii.gz",
                "sub-test/anat/sub-test_space-DWI_seg-BrainnetomeChild_dseg.nii.gz",
                "sub-test/dwi",
                "sub-test/dwi/sub-test_desc-ad.nii.gz",
                "sub-test/dwi/sub-test_desc-afd_max.nii.gz",
                "sub-test/dwi/sub-test_desc-afd_sum.nii.gz",
                "sub-test/dwi/sub-test_desc-afd_total.nii.gz",
                "sub-test/dwi/sub-test_desc-brain_mask.nii.gz",
                "sub-test/dwi/sub-test_desc-csf_fodf.nii.gz",
                "sub-test/dwi/sub-test_desc-fa.nii.gz",
                "sub-test/dwi/sub-test_desc-fodf.nii.gz",
                "sub-test/dwi/sub-test_desc-ga.nii.gz",
                "sub-test/dwi/sub-test_desc-gm_fodf.nii.gz",
                "sub-test/dwi/sub-test_desc-local_tracking.trk",
                "sub-test/dwi/sub-test_desc-md.nii.gz",
                "sub-test/dwi/sub-test_desc-mode.nii.gz",
                "sub-test/dwi/sub-test_desc-nufo.nii.gz",
                "sub-test/dwi/sub-test_desc-peaks.nii.gz",
                "sub-test/dwi/sub-test_desc-pft_tracking.trk",
                "sub-test/dwi/sub-test_desc-preproc_b0.nii.gz",
                "sub-test/dwi/sub-test_desc-preproc_dwi.bval",
                "sub-test/dwi/sub-test_desc-preproc_dwi.bvec",
                "sub-test/dwi/sub-test_desc-preproc_dwi.nii.gz",
                "sub-test/dwi/sub-test_desc-rd.nii.gz",
                "sub-test/dwi/sub-test_desc-rgb.nii.gz",
                "sub-test/dwi/sub-test_desc-tensor.nii.gz",
                "sub-test/dwi/sub-test_desc-wm_fodf.nii.gz",
                "sub-test/dwi/sub-test_frf.txt",
                "sub-test/dwi/sub-test_seg-BrainnetomeChild_desc-filtered_tractogram.h5",
                "sub-test/dwi/sub-test_seg-BrainnetomeChild_desc-preproc_tractogram.h5",
                "sub-test/dwi/sub-test_seg-BrainnetomeChild_stat-ad.npy",
                "sub-test/dwi/sub-test_seg-BrainnetomeChild_stat-afd.npy",
                "sub-test/dwi/sub-test_seg-BrainnetomeChild_stat-fa.npy",
                "sub-test/dwi/sub-test_seg-BrainnetomeChild_stat-md.npy",
                "sub-test/dwi/sub-test_seg-BrainnetomeChild_stat-mode.npy",
                "sub-test/dwi/sub-test_seg-BrainnetomeChild_stat-nufo.npy",
                "sub-test/dwi/sub-test_seg-BrainnetomeChild_stat-rd.npy",
                "sub-test/dwi/sub-test_space-DWI_label-exclude_desc-pft_probseg.nii.gz",
                "sub-test/dwi/sub-test_space-DWI_label-include_desc-pft_probseg.nii.gz",
                "sub-test/dwi/sub-test_space-DWI_label-seeding_desc-local_mask.nii.gz",
                "sub-test/dwi/sub-test_space-DWI_label-seeding_desc-pft_mask.nii.gz",
                "sub-test/dwi/sub-test_space-DWI_label-tracking_desc-local_mask.nii.gz",
                "sub-test/figures",
                "sub-test/figures/sub-test__coverage_overlay_mqc.png",
                "sub-test/figures/sub-test_gradients_mqc.png",
                "sub-test/figures/sub-test_labels_mqc.png",
                "sub-test/figures/sub-test_metrics_mqc.png",
                "sub-test/figures/sub-test_seg-BrainnetomeChild_stat-ad.png",
                "sub-test/figures/sub-test_seg-BrainnetomeChild_stat-afd.png",
                "sub-test/figures/sub-test_seg-BrainnetomeChild_stat-fa.png",
                "sub-test/figures/sub-test_seg-BrainnetomeChild_stat-md.png",
                "sub-test/figures/sub-test_seg-BrainnetomeChild_stat-mode.png",
                "sub-test/figures/sub-test_seg-BrainnetomeChild_stat-nufo.png",
                "sub-test/figures/sub-test_seg-BrainnetomeChild_stat-rd.png",
                "sub-test/figures/sub-test_tissue_segmentation_mqc.png",
                "sub-test/multiqc",
                "sub-test/multiqc/sub-test_multiqc_data",
                "sub-test/multiqc/sub-test_multiqc_plots",
                "sub-test/multiqc/sub-test_multiqc_report.html"
            ]
        ],
        "meta": {
            "nf-test": "0.9.2",
            "nextflow": "24.10.3"
        },
        "timestamp": "2025-01-20T09:24:36.145814"
    }
}
