{
    "Connectomics profile with metrics - should run successfully": {
        "content": [
            10,
            {
                "CONNECTIVITY_AFDFIXEL": {
                    "scilpy": 1.6
                },
                "CONNECTIVITY_METRICS": {
                    "scilpy": "2.0.2"
                },
                "CONNECTIVITY_VISUALIZE": {
                    "scilpy": "2.0.2"
                },
                "FILTERING_COMMIT": {
                    "scilpy": 1.6
                },
                "TRACTOGRAM_DECOMPOSE": {
                    "scilpy": "2.0.2"
                },
                "TRANSFORM_LABELS": {
                    "ants": "2.4.3"
                },
                "Workflow": {
                    "nf/pediatric": "v1.0dev"
                }
            },
            [
                "multiqc",
                "multiqc/global_multiqc_data",
                "multiqc/global_multiqc_plots",
                "multiqc/global_multiqc_report.html",
                "pipeline_info",
                "pipeline_info/pipeline_software_mqc_versions.yml",
                "sub-test",
                "sub-test/anat",
                "sub-test/anat/sub-test_space-diff_seg-BrainnetomeChild_dseg.nii.gz",
                "sub-test/dwi",
                "sub-test/dwi/sub-test__len.npy",
                "sub-test/dwi/sub-test__len.npy.png",
                "sub-test/dwi/sub-test__sc.npy",
                "sub-test/dwi/sub-test__sc.npy.png",
                "sub-test/dwi/sub-test__vol.npy",
                "sub-test/dwi/sub-test__vol.npy.png",
                "sub-test/dwi/sub-test_space-orig_desc-filtered_tracking.trk",
                "sub-test/dwi/sub-test_space-orig_desc-preproc_tracking.h5",
                "sub-test/figures",
                "sub-test/figures/sub-test_gradients_mqc.png",
                "sub-test/figures/sub-test_labels_mqc.png",
                "sub-test/multiqc",
                "sub-test/multiqc/sub-test_multiqc_data",
                "sub-test/multiqc/sub-test_multiqc_plots",
                "sub-test/multiqc/sub-test_multiqc_report.html"
            ]
        ],
        "meta": {
            "nf-test": "0.9.2",
            "nextflow": "24.10.1"
        },
        "timestamp": "2024-12-23T14:34:18.939645"
    },
    "Connectomics profile without trk - should fail": {
        "content": [
            [
                "Please provide a trk file for sample: sub-test",
                "ERROR ~ Pipeline failed. Please refer to troubleshooting docs: https://nf-co.re/docs/usage/troubleshooting",
                "",
                " -- Check '/Users/anthonygagnon/code/nf-pediatric/.nf-test/tests/c85dc273c6552c8d72a3e00c510fe9eb/meta/nextflow.log' file for details"
            ]
        ],
        "meta": {
            "nf-test": "0.9.2",
            "nextflow": "24.10.1"
        },
        "timestamp": "2024-12-23T15:39:51.80656"
    },
    "Connectomics profile without metrics - should run successfully": {
        "content": [
            10,
            {
                "CONNECTIVITY_AFDFIXEL": {
                    "scilpy": 1.6
                },
                "CONNECTIVITY_METRICS": {
                    "scilpy": "2.0.2"
                },
                "CONNECTIVITY_VISUALIZE": {
                    "scilpy": "2.0.2"
                },
                "FILTERING_COMMIT": {
                    "scilpy": 1.6
                },
                "TRACTOGRAM_DECOMPOSE": {
                    "scilpy": "2.0.2"
                },
                "TRANSFORM_LABELS": {
                    "ants": "2.4.3"
                },
                "Workflow": {
                    "nf/pediatric": "v1.0dev"
                }
            },
            [
                "multiqc",
                "multiqc/global_multiqc_data",
                "multiqc/global_multiqc_plots",
                "multiqc/global_multiqc_report.html",
                "pipeline_info",
                "pipeline_info/pipeline_software_mqc_versions.yml",
                "sub-test",
                "sub-test/anat",
                "sub-test/anat/sub-test_space-diff_seg-BrainnetomeChild_dseg.nii.gz",
                "sub-test/dwi",
                "sub-test/dwi/sub-test__len.npy",
                "sub-test/dwi/sub-test__len.npy.png",
                "sub-test/dwi/sub-test__sc.npy",
                "sub-test/dwi/sub-test__sc.npy.png",
                "sub-test/dwi/sub-test__vol.npy",
                "sub-test/dwi/sub-test__vol.npy.png",
                "sub-test/dwi/sub-test_space-orig_desc-filtered_tracking.trk",
                "sub-test/dwi/sub-test_space-orig_desc-preproc_tracking.h5",
                "sub-test/figures",
                "sub-test/figures/sub-test_gradients_mqc.png",
                "sub-test/figures/sub-test_labels_mqc.png",
                "sub-test/multiqc",
                "sub-test/multiqc/sub-test_multiqc_data",
                "sub-test/multiqc/sub-test_multiqc_plots",
                "sub-test/multiqc/sub-test_multiqc_report.html"
            ]
        ],
        "meta": {
            "nf-test": "0.9.2",
            "nextflow": "24.10.1"
        },
        "timestamp": "2024-12-23T14:37:29.872478"
    },
    "Connectomics + infant profile - should run successfully": {
        "content": [
            10,
            {
                "CONNECTIVITY_AFDFIXEL": {
                    "scilpy": 1.6
                },
                "CONNECTIVITY_METRICS": {
                    "scilpy": "2.0.2"
                },
                "CONNECTIVITY_VISUALIZE": {
                    "scilpy": "2.0.2"
                },
                "FILTERING_COMMIT": {
                    "scilpy": 1.6
                },
                "TRACTOGRAM_DECOMPOSE": {
                    "scilpy": "2.0.2"
                },
                "TRANSFORM_LABELS": {
                    "ants": "2.4.3"
                },
                "Workflow": {
                    "nf/pediatric": "v1.0dev"
                }
            },
            [
                "multiqc",
                "multiqc/global_multiqc_data",
                "multiqc/global_multiqc_plots",
                "multiqc/global_multiqc_report.html",
                "pipeline_info",
                "pipeline_info/pipeline_software_mqc_versions.yml",
                "sub-test",
                "sub-test/anat",
                "sub-test/anat/sub-test_space-diff_seg-BrainnetomeChild_dseg.nii.gz",
                "sub-test/dwi",
                "sub-test/dwi/sub-test__len.npy",
                "sub-test/dwi/sub-test__len.npy.png",
                "sub-test/dwi/sub-test__sc.npy",
                "sub-test/dwi/sub-test__sc.npy.png",
                "sub-test/dwi/sub-test__vol.npy",
                "sub-test/dwi/sub-test__vol.npy.png",
                "sub-test/dwi/sub-test_space-orig_desc-filtered_tracking.trk",
                "sub-test/dwi/sub-test_space-orig_desc-preproc_tracking.h5",
                "sub-test/figures",
                "sub-test/figures/sub-test_gradients_mqc.png",
                "sub-test/figures/sub-test_labels_mqc.png",
                "sub-test/multiqc",
                "sub-test/multiqc/sub-test_multiqc_data",
                "sub-test/multiqc/sub-test_multiqc_plots",
                "sub-test/multiqc/sub-test_multiqc_report.html"
            ]
        ],
        "meta": {
            "nf-test": "0.9.2",
            "nextflow": "24.10.1"
        },
        "timestamp": "2024-12-23T14:39:03.770689"
    }
}