{
    "Segmentation profile - fastsurfer - should run successfully": {
        "content": [
            15,
            {
                "RECONALLCLINICAL": {
                    "freesurfer": "8.0.0"
                },
                "Workflow": {
                    "scilus/nf-pediatric": "v1.0dev"
                }
            },
            [
                "cortical_Child_area_lh.tsv",
                "cortical_Child_area_rh.tsv",
                "cortical_Child_thickness_lh.tsv",
                "cortical_Child_thickness_rh.tsv",
                "cortical_Child_volume_lh.tsv",
                "cortical_Child_volume_rh.tsv",
                "dataset_description.json",
                "multiqc",
                "multiqc/global_multiqc_data",
                "multiqc/global_multiqc_plots",
                "multiqc/global_multiqc_report.html",
                "participants.tsv",
                "pipeline_info",
                "pipeline_info/nf-pediatric_software_mqc_versions.yml",
                "sub-test2",
                "sub-test2/anat",
                "sub-test2/anat/sub-test2_seg-BrainnetomeChild_desc-labels.json",
                "sub-test2/anat/sub-test2_seg-BrainnetomeChild_desc-labels.txt",
                "sub-test2/anat/sub-test2_seg-BrainnetomeChild_dseg.nii.gz",
                "sub-test2/anat/sub-test2_seg-BrainnetomeChild_dseg_dilated.nii.gz",
                "sub-test2/anat/sub-test2_seg-BrainnetomeChild_stat-lh_area.tsv",
                "sub-test2/anat/sub-test2_seg-BrainnetomeChild_stat-lh_thickness.tsv",
                "sub-test2/anat/sub-test2_seg-BrainnetomeChild_stat-lh_volume.tsv",
                "sub-test2/anat/sub-test2_seg-BrainnetomeChild_stat-rh_area.tsv",
                "sub-test2/anat/sub-test2_seg-BrainnetomeChild_stat-rh_thickness.tsv",
                "sub-test2/anat/sub-test2_seg-BrainnetomeChild_stat-rh_volume.tsv",
                "sub-test2/anat/sub-test2_seg-BrainnetomeChild_stat-subcortical.tsv",
                "sub-test2/figures",
                "sub-test2/figures/sub-test2_labels_mqc.png",
                "sub-test2/multiqc",
                "sub-test2/multiqc/sub-test2_multiqc_data",
                "sub-test2/multiqc/sub-test2_multiqc_plots",
                "sub-test2/multiqc/sub-test2_multiqc_report.html",
                "sub-test3",
                "sub-test3/anat",
                "sub-test3/anat/sub-test3_seg-BrainnetomeChild_desc-labels.json",
                "sub-test3/anat/sub-test3_seg-BrainnetomeChild_desc-labels.txt",
                "sub-test3/anat/sub-test3_seg-BrainnetomeChild_dseg.nii.gz",
                "sub-test3/anat/sub-test3_seg-BrainnetomeChild_dseg_dilated.nii.gz",
                "sub-test3/anat/sub-test3_seg-BrainnetomeChild_stat-lh_area.tsv",
                "sub-test3/anat/sub-test3_seg-BrainnetomeChild_stat-lh_thickness.tsv",
                "sub-test3/anat/sub-test3_seg-BrainnetomeChild_stat-lh_volume.tsv",
                "sub-test3/anat/sub-test3_seg-BrainnetomeChild_stat-rh_area.tsv",
                "sub-test3/anat/sub-test3_seg-BrainnetomeChild_stat-rh_thickness.tsv",
                "sub-test3/anat/sub-test3_seg-BrainnetomeChild_stat-rh_volume.tsv",
                "sub-test3/anat/sub-test3_seg-BrainnetomeChild_stat-subcortical.tsv",
                "sub-test3/figures",
                "sub-test3/figures/sub-test3_labels_mqc.png",
                "sub-test3/multiqc",
                "sub-test3/multiqc/sub-test3_multiqc_data",
                "sub-test3/multiqc/sub-test3_multiqc_plots",
                "sub-test3/multiqc/sub-test3_multiqc_report.html",
                "sub-test4",
                "sub-test4/anat",
                "sub-test4/anat/sub-test4_seg-BrainnetomeChild_desc-labels.json",
                "sub-test4/anat/sub-test4_seg-BrainnetomeChild_desc-labels.txt",
                "sub-test4/anat/sub-test4_seg-BrainnetomeChild_dseg.nii.gz",
                "sub-test4/anat/sub-test4_seg-BrainnetomeChild_dseg_dilated.nii.gz",
                "sub-test4/anat/sub-test4_seg-BrainnetomeChild_stat-lh_area.tsv",
                "sub-test4/anat/sub-test4_seg-BrainnetomeChild_stat-lh_thickness.tsv",
                "sub-test4/anat/sub-test4_seg-BrainnetomeChild_stat-lh_volume.tsv",
                "sub-test4/anat/sub-test4_seg-BrainnetomeChild_stat-rh_area.tsv",
                "sub-test4/anat/sub-test4_seg-BrainnetomeChild_stat-rh_thickness.tsv",
                "sub-test4/anat/sub-test4_seg-BrainnetomeChild_stat-rh_volume.tsv",
                "sub-test4/anat/sub-test4_seg-BrainnetomeChild_stat-subcortical.tsv",
                "sub-test4/figures",
                "sub-test4/figures/sub-test4_labels_mqc.png",
                "sub-test4/multiqc",
                "sub-test4/multiqc/sub-test4_multiqc_data",
                "sub-test4/multiqc/sub-test4_multiqc_plots",
                "sub-test4/multiqc/sub-test4_multiqc_report.html",
                "subcortical_Child_volumes.tsv"
            ],
            [
                "",
                "sub-test2",
                "sub-test2/sub-test2",
                "sub-test2/sub-test2/label",
                "sub-test2/sub-test2/label/lh.BN_Child.annot",
                "sub-test2/sub-test2/label/rh.BN_Child.annot",
                "sub-test2/sub-test2/mri",
                "sub-test2/sub-test2/mri/transforms",
                "sub-test2/sub-test2/scripts",
                "sub-test2/sub-test2/stats",
                "sub-test2/sub-test2/stats/lh.BN_Child.stats",
                "sub-test2/sub-test2/stats/rh.BN_Child.stats",
                "sub-test2/sub-test2/surf",
                "sub-test2/sub-test2/tmp",
                "sub-test2/sub-test2/touch",
                "sub-test3",
                "sub-test3/sub-test3",
                "sub-test3/sub-test3/label",
                "sub-test3/sub-test3/label/lh.BN_Child.annot",
                "sub-test3/sub-test3/label/rh.BN_Child.annot",
                "sub-test3/sub-test3/mri",
                "sub-test3/sub-test3/mri/transforms",
                "sub-test3/sub-test3/scripts",
                "sub-test3/sub-test3/stats",
                "sub-test3/sub-test3/stats/lh.BN_Child.stats",
                "sub-test3/sub-test3/stats/rh.BN_Child.stats",
                "sub-test3/sub-test3/surf",
                "sub-test3/sub-test3/tmp",
                "sub-test3/sub-test3/touch",
                "sub-test4",
                "sub-test4/sub-test4",
                "sub-test4/sub-test4/label",
                "sub-test4/sub-test4/label/lh.BN_Child.annot",
                "sub-test4/sub-test4/label/rh.BN_Child.annot",
                "sub-test4/sub-test4/mri",
                "sub-test4/sub-test4/mri/transforms",
                "sub-test4/sub-test4/scripts",
                "sub-test4/sub-test4/stats",
                "sub-test4/sub-test4/stats/lh.BN_Child.stats",
                "sub-test4/sub-test4/stats/rh.BN_Child.stats",
                "sub-test4/sub-test4/surf",
                "sub-test4/sub-test4/tmp",
                "sub-test4/sub-test4/touch"
            ]
        ],
        "meta": {
            "nf-test": "0.9.2",
            "nextflow": "25.04.2"
        },
        "timestamp": "2025-05-28T11:52:09.622384"
    }
}